Color before change: None
Color after change: 4919
Color after clear: None
