**********************************************************************
Function(name=".init_proc", addr=0x004003C8)
----------------------------------------------------------------------
<CodeBlock(start_ea=0x004003C8, end_ea=0x004003D8)>
    color = None
    end_ea = 4195288
    id = 0
    start_ea = 4195272
    type = 0
    prev = []
    next = [<CodeBlock(start_ea=0x004003D8, end_ea=0x004003DA)>, <CodeBlock(start_ea=0x004003DA, end_ea=0x004003DF)>]
----------------------------------------------------------------------
<CodeBlock(start_ea=0x004003D8, end_ea=0x004003DA)>
    color = None
    end_ea = 4195290
    id = 1
    start_ea = 4195288
    type = 0
    prev = [<CodeBlock(start_ea=0x004003C8, end_ea=0x004003D8)>]
    next = [<CodeBlock(start_ea=0x004003DA, end_ea=0x004003DF)>]
----------------------------------------------------------------------
<CodeBlock(start_ea=0x004003DA, end_ea=0x004003DF)>
    color = None
    end_ea = 4195295
    id = 2
    start_ea = 4195290
    type = 2
    prev = [<CodeBlock(start_ea=0x004003C8, end_ea=0x004003D8)>, <CodeBlock(start_ea=0x004003D8, end_ea=0x004003DA)>]
    next = []
**********************************************************************
Function(name="sub_4003E0", addr=0x004003E0)
----------------------------------------------------------------------
<CodeBlock(start_ea=0x004003E0, end_ea=0x004003EC)>
    color = None
    end_ea = 4195308
    id = 0
    start_ea = 4195296
    type = 1
    prev = []
    next = []
**********************************************************************
Function(name=".puts", addr=0x004003F0)
----------------------------------------------------------------------
<CodeBlock(start_ea=0x004003F0, end_ea=0x004003F6)>
    color = None
    end_ea = 4195318
    id = 0
    start_ea = 4195312
    type = 1
    prev = []
    next = []
**********************************************************************
Function(name="_start", addr=0x00400400)
----------------------------------------------------------------------
<CodeBlock(start_ea=0x00400400, end_ea=0x0040042B)>
    color = None
    end_ea = 4195371
    id = 0
    start_ea = 4195328
    type = 0
    prev = []
    next = []
**********************************************************************
Function(name="_dl_relocate_static_pie", addr=0x00400430)
----------------------------------------------------------------------
<CodeBlock(start_ea=0x00400430, end_ea=0x00400432)>
    color = None
    end_ea = 4195378
    id = 0
    start_ea = 4195376
    type = 2
    prev = []
    next = []
**********************************************************************
Function(name="deregister_tm_clones", addr=0x00400440)
----------------------------------------------------------------------
<CodeBlock(start_ea=0x00400440, end_ea=0x00400451)>
    color = None
    end_ea = 4195409
    id = 0
    start_ea = 4195392
    type = 0
    prev = []
    next = [<CodeBlock(start_ea=0x00400451, end_ea=0x0040045B)>, <CodeBlock(start_ea=0x00400468, end_ea=0x0040046A)>]
----------------------------------------------------------------------
<CodeBlock(start_ea=0x00400451, end_ea=0x0040045B)>
    color = None
    end_ea = 4195419
    id = 1
    start_ea = 4195409
    type = 0
    prev = [<CodeBlock(start_ea=0x00400440, end_ea=0x00400451)>]
    next = [<CodeBlock(start_ea=0x0040045B, end_ea=0x00400463)>, <CodeBlock(start_ea=0x00400468, end_ea=0x0040046A)>]
----------------------------------------------------------------------
<CodeBlock(start_ea=0x0040045B, end_ea=0x00400463)>
    color = None
    end_ea = 4195427
    id = 2
    start_ea = 4195419
    type = 1
    prev = [<CodeBlock(start_ea=0x00400451, end_ea=0x0040045B)>]
    next = []
----------------------------------------------------------------------
<CodeBlock(start_ea=0x00400468, end_ea=0x0040046A)>
    color = None
    end_ea = 4195434
    id = 3
    start_ea = 4195432
    type = 2
    prev = [<CodeBlock(start_ea=0x00400440, end_ea=0x00400451)>, <CodeBlock(start_ea=0x00400451, end_ea=0x0040045B)>]
    next = []
**********************************************************************
Function(name="register_tm_clones", addr=0x00400470)
----------------------------------------------------------------------
<CodeBlock(start_ea=0x00400470, end_ea=0x00400493)>
    color = None
    end_ea = 4195475
    id = 0
    start_ea = 4195440
    type = 0
    prev = []
    next = [<CodeBlock(start_ea=0x00400493, end_ea=0x0040049D)>, <CodeBlock(start_ea=0x004004A8, end_ea=0x004004AA)>]
----------------------------------------------------------------------
<CodeBlock(start_ea=0x00400493, end_ea=0x0040049D)>
    color = None
    end_ea = 4195485
    id = 1
    start_ea = 4195475
    type = 0
    prev = [<CodeBlock(start_ea=0x00400470, end_ea=0x00400493)>]
    next = [<CodeBlock(start_ea=0x0040049D, end_ea=0x004004A5)>, <CodeBlock(start_ea=0x004004A8, end_ea=0x004004AA)>]
----------------------------------------------------------------------
<CodeBlock(start_ea=0x0040049D, end_ea=0x004004A5)>
    color = None
    end_ea = 4195493
    id = 2
    start_ea = 4195485
    type = 1
    prev = [<CodeBlock(start_ea=0x00400493, end_ea=0x0040049D)>]
    next = []
----------------------------------------------------------------------
<CodeBlock(start_ea=0x004004A8, end_ea=0x004004AA)>
    color = None
    end_ea = 4195498
    id = 3
    start_ea = 4195496
    type = 2
    prev = [<CodeBlock(start_ea=0x00400470, end_ea=0x00400493)>, <CodeBlock(start_ea=0x00400493, end_ea=0x0040049D)>]
    next = []
**********************************************************************
Function(name="__do_global_dtors_aux", addr=0x004004B0)
----------------------------------------------------------------------
<CodeBlock(start_ea=0x004004B0, end_ea=0x004004B9)>
    color = None
    end_ea = 4195513
    id = 0
    start_ea = 4195504
    type = 0
    prev = []
    next = [<CodeBlock(start_ea=0x004004B9, end_ea=0x004004CB)>, <CodeBlock(start_ea=0x004004D0, end_ea=0x004004D2)>]
----------------------------------------------------------------------
<CodeBlock(start_ea=0x004004B9, end_ea=0x004004CB)>
    color = None
    end_ea = 4195531
    id = 1
    start_ea = 4195513
    type = 2
    prev = [<CodeBlock(start_ea=0x004004B0, end_ea=0x004004B9)>]
    next = []
----------------------------------------------------------------------
<CodeBlock(start_ea=0x004004D0, end_ea=0x004004D2)>
    color = None
    end_ea = 4195538
    id = 2
    start_ea = 4195536
    type = 2
    prev = [<CodeBlock(start_ea=0x004004B0, end_ea=0x004004B9)>]
    next = []
**********************************************************************
Function(name="frame_dummy", addr=0x004004E0)
----------------------------------------------------------------------
<CodeBlock(start_ea=0x004004E0, end_ea=0x004004E7)>
    color = None
    end_ea = 4195559
    id = 0
    start_ea = 4195552
    type = 0
    prev = []
    next = [<CodeBlock(start_ea=0x00400470, end_ea=0x00400470)>]
----------------------------------------------------------------------
<CodeBlock(start_ea=0x00400470, end_ea=0x00400470)>
    color = None
    end_ea = 4195440
    id = 1
    start_ea = 4195440
    type = 6
    prev = [<CodeBlock(start_ea=0x004004E0, end_ea=0x004004E7)>]
    next = []
**********************************************************************
Function(name="main", addr=0x004004F0)
----------------------------------------------------------------------
<CodeBlock(start_ea=0x004004F0, end_ea=0x0040051B)>
    color = None
    end_ea = 4195611
    id = 0
    start_ea = 4195568
    type = 2
    prev = []
    next = []
**********************************************************************
Function(name="__libc_csu_init", addr=0x00400520)
----------------------------------------------------------------------
<CodeBlock(start_ea=0x00400520, end_ea=0x00400556)>
    color = None
    end_ea = 4195670
    id = 0
    start_ea = 4195616
    type = 0
    prev = []
    next = [<CodeBlock(start_ea=0x00400556, end_ea=0x00400560)>, <CodeBlock(start_ea=0x00400576, end_ea=0x00400585)>]
----------------------------------------------------------------------
<CodeBlock(start_ea=0x00400556, end_ea=0x00400560)>
    color = None
    end_ea = 4195680
    id = 1
    start_ea = 4195670
    type = 0
    prev = [<CodeBlock(start_ea=0x00400520, end_ea=0x00400556)>]
    next = [<CodeBlock(start_ea=0x00400560, end_ea=0x00400576)>]
----------------------------------------------------------------------
<CodeBlock(start_ea=0x00400560, end_ea=0x00400576)>
    color = None
    end_ea = 4195702
    id = 2
    start_ea = 4195680
    type = 0
    prev = [<CodeBlock(start_ea=0x00400556, end_ea=0x00400560)>, <CodeBlock(start_ea=0x00400560, end_ea=0x00400576)>]
    next = [<CodeBlock(start_ea=0x00400576, end_ea=0x00400585)>, <CodeBlock(start_ea=0x00400560, end_ea=0x00400576)>]
----------------------------------------------------------------------
<CodeBlock(start_ea=0x00400576, end_ea=0x00400585)>
    color = None
    end_ea = 4195717
    id = 3
    start_ea = 4195702
    type = 2
    prev = [<CodeBlock(start_ea=0x00400520, end_ea=0x00400556)>, <CodeBlock(start_ea=0x00400560, end_ea=0x00400576)>]
    next = []
**********************************************************************
Function(name="__libc_csu_fini", addr=0x00400590)
----------------------------------------------------------------------
<CodeBlock(start_ea=0x00400590, end_ea=0x00400592)>
    color = None
    end_ea = 4195730
    id = 0
    start_ea = 4195728
    type = 2
    prev = []
    next = []
**********************************************************************
Function(name=".term_proc", addr=0x00400594)
----------------------------------------------------------------------
<CodeBlock(start_ea=0x00400594, end_ea=0x0040059D)>
    color = None
    end_ea = 4195741
    id = 0
    start_ea = 4195732
    type = 2
    prev = []
    next = []
**********************************************************************
Function(name="puts", addr=0x00601040)
----------------------------------------------------------------------
<CodeBlock(start_ea=0x00601040, end_ea=0x00601048)>
    color = None
    end_ea = 6295624
    id = 0
    start_ea = 6295616
    type = 2
    prev = []
    next = []
**********************************************************************
Function(name="__libc_start_main", addr=0x00601048)
----------------------------------------------------------------------
<CodeBlock(start_ea=0x00601048, end_ea=0x00601050)>
    color = None
    end_ea = 6295632
    id = 0
    start_ea = 6295624
    type = 2
    prev = []
    next = []
**********************************************************************
Function(name="__gmon_start__", addr=0x00601050)
----------------------------------------------------------------------
<CodeBlock(start_ea=0x00601050, end_ea=0x00601058)>
    color = None
    end_ea = 6295640
    id = 0
    start_ea = 6295632
    type = 2
    prev = []
    next = []
