<Segment(ea=0x00400000, name='LOAD', size=0x000003C8, permissions='RX', bitness=64)>
    bitness = 64
    class_ = CODE
    ea = 4194304
    endEA = 4195272
    name = LOAD
    permissions = RX
    size = 968
    startEA = 4194304
    type = 2
<Segment(ea=0x004003C8, name='.init', size=0x00000017, permissions='RX', bitness=64)>
    bitness = 64
    class_ = CODE
    ea = 4195272
    endEA = 4195295
    name = .init
    permissions = RX
    size = 23
    startEA = 4195272
    type = 2
<Segment(ea=0x004003DF, name='LOAD', size=0x00000001, permissions='RX', bitness=64)>
    bitness = 64
    class_ = CODE
    ea = 4195295
    endEA = 4195296
    name = LOAD
    permissions = RX
    size = 1
    startEA = 4195295
    type = 2
<Segment(ea=0x004003E0, name='.plt', size=0x00000020, permissions='RX', bitness=64)>
    bitness = 64
    class_ = CODE
    ea = 4195296
    endEA = 4195328
    name = .plt
    permissions = RX
    size = 32
    startEA = 4195296
    type = 2
<Segment(ea=0x00400400, name='.text', size=0x00000192, permissions='RX', bitness=64)>
    bitness = 64
    class_ = CODE
    ea = 4195328
    endEA = 4195730
    name = .text
    permissions = RX
    size = 402
    startEA = 4195328
    type = 2
<Segment(ea=0x00400592, name='LOAD', size=0x00000002, permissions='RX', bitness=64)>
    bitness = 64
    class_ = CODE
    ea = 4195730
    endEA = 4195732
    name = LOAD
    permissions = RX
    size = 2
    startEA = 4195730
    type = 2
<Segment(ea=0x00400594, name='.fini', size=0x00000009, permissions='RX', bitness=64)>
    bitness = 64
    class_ = CODE
    ea = 4195732
    endEA = 4195741
    name = .fini
    permissions = RX
    size = 9
    startEA = 4195732
    type = 2
<Segment(ea=0x0040059D, name='LOAD', size=0x00000003, permissions='RX', bitness=64)>
    bitness = 64
    class_ = CODE
    ea = 4195741
    endEA = 4195744
    name = LOAD
    permissions = RX
    size = 3
    startEA = 4195741
    type = 2
<Segment(ea=0x004005A0, name='.rodata', size=0x00000012, permissions='R', bitness=64)>
    bitness = 64
    class_ = CONST
    ea = 4195744
    endEA = 4195762
    name = .rodata
    permissions = R
    size = 18
    startEA = 4195744
    type = 3
<Segment(ea=0x004005B2, name='LOAD', size=0x00000002, permissions='RX', bitness=64)>
    bitness = 64
    class_ = CODE
    ea = 4195762
    endEA = 4195764
    name = LOAD
    permissions = RX
    size = 2
    startEA = 4195762
    type = 2
<Segment(ea=0x004005B4, name='.eh_frame_hdr', size=0x0000003C, permissions='R', bitness=64)>
    bitness = 64
    class_ = CONST
    ea = 4195764
    endEA = 4195824
    name = .eh_frame_hdr
    permissions = R
    size = 60
    startEA = 4195764
    type = 3
<Segment(ea=0x004005F0, name='.eh_frame', size=0x00000100, permissions='R', bitness=64)>
    bitness = 64
    class_ = CONST
    ea = 4195824
    endEA = 4196080
    name = .eh_frame
    permissions = R
    size = 256
    startEA = 4195824
    type = 3
<Segment(ea=0x00600E10, name='.init_array', size=0x00000008, permissions='RW', bitness=64)>
    bitness = 64
    class_ = DATA
    ea = 6295056
    endEA = 6295064
    name = .init_array
    permissions = RW
    size = 8
    startEA = 6295056
    type = 3
<Segment(ea=0x00600E18, name='.fini_array', size=0x00000008, permissions='RW', bitness=64)>
    bitness = 64
    class_ = DATA
    ea = 6295064
    endEA = 6295072
    name = .fini_array
    permissions = RW
    size = 8
    startEA = 6295064
    type = 3
<Segment(ea=0x00600E20, name='LOAD', size=0x000001D0, permissions='RW', bitness=64)>
    bitness = 64
    class_ = DATA
    ea = 6295072
    endEA = 6295536
    name = LOAD
    permissions = RW
    size = 464
    startEA = 6295072
    type = 3
<Segment(ea=0x00600FF0, name='.got', size=0x00000010, permissions='RW', bitness=64)>
    bitness = 64
    class_ = DATA
    ea = 6295536
    endEA = 6295552
    name = .got
    permissions = RW
    size = 16
    startEA = 6295536
    type = 3
<Segment(ea=0x00601000, name='.got.plt', size=0x00000020, permissions='RW', bitness=64)>
    bitness = 64
    class_ = DATA
    ea = 6295552
    endEA = 6295584
    name = .got.plt
    permissions = RW
    size = 32
    startEA = 6295552
    type = 3
<Segment(ea=0x00601020, name='.data', size=0x00000010, permissions='RW', bitness=64)>
    bitness = 64
    class_ = DATA
    ea = 6295584
    endEA = 6295600
    name = .data
    permissions = RW
    size = 16
    startEA = 6295584
    type = 3
<Segment(ea=0x00601030, name='.bss', size=0x00000008, permissions='RW', bitness=64)>
    bitness = 64
    class_ = BSS
    ea = 6295600
    endEA = 6295608
    name = .bss
    permissions = RW
    size = 8
    startEA = 6295600
    type = 9
<Segment(ea=0x00601038, name='.prgend', size=0x00000001, permissions='', bitness=64)>
    bitness = 64
    class_ = None
    ea = 6295608
    endEA = 6295609
    name = .prgend
    permissions = 
    size = 1
    startEA = 6295608
    type = 7
<Segment(ea=0x00601040, name='extern', size=0x00000018, permissions='', bitness=64)>
    bitness = 64
    class_ = None
    ea = 6295616
    endEA = 6295640
    name = extern
    permissions = 
    size = 24
    startEA = 6295616
    type = 1
